// Jest Snapshot v1, https://goo.gl/fbAQLP

exports[`App matches snapshot 1`] = `
<React.Fragment>
  <Header />
  <div
    className="container-fluid main-container"
  >
    <Routes />
  </div>
</React.Fragment>
`;
