// Jest Snapshot v1, https://goo.gl/fbAQLP

exports[`HomePage matches snapshot 1`] = `
<div
  className="jumbotron"
>
  <h1>
    Pluralsight Administration
  </h1>
  <p>
    React, Redux and React Router in ES6 for ultra-responsive web apps.
  </p>
  <Link
    className="btn btn-primary btn-lg"
    replace={false}
    to="about"
  >
    Learn more
  </Link>
</div>
`;
