// Jest Snapshot v1, https://goo.gl/fbAQLP

exports[`ContactPage matches snapshot 1`] = `
<div
  className="jumbotron"
>
  <h1>
    piotr@hadron.design
  </h1>
</div>
`;
