// Jest Snapshot v1, https://goo.gl/fbAQLP

exports[`GamePage matches snapshot 1`] = `
<div>
  <h1>
    Flip 'Em
  </h1>
  <h2>
    New Game
  </h2>
  <input
    onChange={[Function]}
    type="text"
    value=""
  />
  <input
    onClick={[Function]}
    type="submit"
    value="Save"
  />
</div>
`;
