// Jest Snapshot v1, https://goo.gl/fbAQLP

exports[`PortfolioPage matches snapshot 1`] = `
<div
  className="jumbotron"
>
  <h1>
    Portfolio
  </h1>
</div>
`;
